// Jest Snapshot v1, https://goo.gl/fbAQLP

exports[`AddMotorcycle renders correctly 1`] = `
<div
  className="container-div"
>
  <form
    className="create-container rounded-xl shadow-2xl border p-2"
    onSubmit={[Function]}
  >
    <h2
      className="h1"
    >
      Add New Car
    </h2>
    <label
      className="create-p-tag"
    >
      Car Name
    </label>
    <input
      autoComplete="name"
      className="create-input-tag"
      name="name"
      onChange={[Function]}
      type="text"
      value=""
    />
    <label
      className="create-p-tag"
    >
      Car Image
    </label>
    <input
      className="create-input-tag"
      name="image"
      onChange={[Function]}
      type="text"
      value=""
    />
    <label
      className="create-p-tag"
    >
      Description
    </label>
    <input
      className="create-input-tag"
      cols={4}
      name="description"
      onChange={[Function]}
      rows="10"
      value=""
    />
    <label
      className="create-p-tag"
    >
      Deposit
    </label>
    <input
      autoComplete="deposit"
      className="create-input-tag"
      min={0}
      name="deposit"
      onChange={[Function]}
      type="number"
      value=""
    />
    <label
      className="create-p-tag"
    >
      Finance Fees
    </label>
    <input
      autoComplete="finance_fee"
      className="create-input-tag"
      min={0}
      name="finance_fee"
      onChange={[Function]}
      type="number"
      value=""
    />
    <label
      className="create-p-tag"
    >
      Option to Purchase Fee
    </label>
    <input
      autoComplete="option_to_purchase_fee"
      className="create-input-tag"
      min={0}
      name="option_to_purchase_fee"
      onChange={[Function]}
      type="number"
      value=""
    />
    <label
      className="create-p-tag"
    >
      Total amount Payable
    </label>
    <input
      autoComplete="total_amount_payable"
      className="create-input-tag"
      min={0}
      name="total_amount_payable"
      onChange={[Function]}
      type="number"
      value=""
    />
    <label
      className="create-p-tag"
    >
      Duration
    </label>
    <input
      autoComplete="duration"
      className="create-input-tag"
      min={0}
      name="duration"
      onChange={[Function]}
      type="number"
      value=""
    />
    <button
      className="create-button-tag"
      type="submit"
    >
      Submit
    </button>
  </form>
</div>
`;
