// Jest Snapshot v1, https://goo.gl/fbAQLP

exports[`AddReservation Component renders correctly 1`] = `
Array [
  <div
    className="relative z-40"
  >
    <div
      className="absolute"
    >
      <div
        className="flex m-2 text-2xl cursor-pointer"
        onClick={[Function]}
        onKeyDown={[Function]}
      >
        <svg
          fill="currentColor"
          height="1em"
          stroke="currentColor"
          strokeWidth="0"
          style={
            Object {
              "color": undefined,
            }
          }
          viewBox="0 0 512 512"
          width="1em"
          xmlns="http://www.w3.org/2000/svg"
        >
          <path
            d="M432 176H80c-8.8 0-16-7.2-16-16s7.2-16 16-16h352c8.8 0 16 7.2 16 16s-7.2 16-16 16zM432 272H80c-8.8 0-16-7.2-16-16s7.2-16 16-16h352c8.8 0 16 7.2 16 16s-7.2 16-16 16zM432 368H80c-8.8 0-16-7.2-16-16s7.2-16 16-16h352c8.8 0 16 7.2 16 16s-7.2 16-16 16z"
          />
        </svg>
      </div>
      <div
        className="hidden"
        onClick={[Function]}
        onKeyDown={[Function]}
      >
        <svg
          fill="currentColor"
          fillRule="evenodd"
          height="1em"
          stroke="currentColor"
          strokeWidth="0"
          style={
            Object {
              "color": undefined,
            }
          }
          viewBox="0 0 1024 1024"
          width="1em"
          xmlns="http://www.w3.org/2000/svg"
        >
          <path
            d="M799.855 166.312c.023.007.043.018.084.059l57.69 57.69c.041.041.052.06.059.084a.118.118 0 0 1 0 .069c-.007.023-.018.042-.059.083L569.926 512l287.703 287.703c.041.04.052.06.059.083a.118.118 0 0 1 0 .07c-.007.022-.018.042-.059.083l-57.69 57.69c-.041.041-.06.052-.084.059a.118.118 0 0 1-.069 0c-.023-.007-.042-.018-.083-.059L512 569.926 224.297 857.629c-.04.041-.06.052-.083.059a.118.118 0 0 1-.07 0c-.022-.007-.042-.018-.083-.059l-57.69-57.69c-.041-.041-.052-.06-.059-.084a.118.118 0 0 1 0-.069c.007-.023.018-.042.059-.083L454.073 512 166.371 224.297c-.041-.04-.052-.06-.059-.083a.118.118 0 0 1 0-.07c.007-.022.018-.042.059-.083l57.69-57.69c.041-.041.06-.052.084-.059a.118.118 0 0 1 .069 0c.023.007.042.018.083.059L512 454.073l287.703-287.702c.04-.041.06-.052.083-.059a.118.118 0 0 1 .07 0Z"
          />
        </svg>
      </div>
    </div>
    <div
      className="hidden"
    >
      <nav
        className="pt-10"
      >
        <div
          className="pt-5"
        >
          <a
            href="/"
            onClick={[Function]}
          >
            <h1
              className="font-logo font-bold text-2xl"
            >
              Car Book
            </h1>
          </a>
        </div>
        <ul
          className="pt-40 font-bold"
        >
          <li
            className="mb-2 hover:bg-green-600 hover:text-white"
          >
            <a
              className="focus:bg-green-600 focus:text-white p-2 block"
              href="/"
              onClick={[Function]}
            >
              Car
            </a>
          </li>
          <li
            className="mb-2 hover:bg-green-600 hover:text-white"
          >
            <a
              className="focus:bg-green-600 focus:text-white p-2 block"
              href="/new-motor"
              onClick={[Function]}
            >
              Add Car
            </a>
          </li>
          <li
            className="mb-2 hover:bg-green-600 hover:text-white"
          >
            <a
              className="focus:bg-green-600 focus:text-white p-2 block"
              href="/reserve"
              onClick={[Function]}
            >
              Reserve
            </a>
          </li>
          <li
            className="mb-2 hover:bg-green-600 hover:text-white"
          >
            <a
              className="focus:bg-green-600 focus:text-white p-2 block"
              href="/reservation"
              onClick={[Function]}
            >
              My Reservations
            </a>
          </li>
          <li
            className="mb-2 hover:bg-green-600 hover:text-white"
          >
            <a
              className="focus:bg-green-600 focus:text-white p-2 block"
              href="/delete-motor"
              onClick={[Function]}
            >
              Delete Car
            </a>
          </li>
        </ul>
        <div
          className="absolute z-40 bottom-10 left-0 right-0 text-center"
        >
          <a
            className="bg-red-600 hover:bg-red-700 duration-300 shadow-2xl text-white font-bold px-3 py-2 rounded-lg"
            href="/signup"
            onClick={[Function]}
          >
            Sign out
          </a>
        </div>
      </nav>
    </div>
  </div>,
  <div
    className="relative flex flex-col h-screen z-0 gap-9 md:gap-6 items-center justify-center p-3 pt-14 w-full text-white bg-cover"
    style={
      Object {
        "backgroundImage": "url()",
      }
    }
  >
    <div
      className="flex flex-col gap-4 items-center z-20"
    >
      <h2
        className="text-center font-bold text-2xl md:text-3xl"
      >
        Book Your Favourite Car
      </h2>
      <p
        className="text-center md:w-3/4 text-md font-bold"
      >
        There are 34 different versions of car. We have showrooms all over the globe which some include test riding facilities. If you wish to find out if a test ride is available in your area, then choose your date, bike, and location below.
      </p>
    </div>
    <form
      className=" w-full lg:w-3/4 items-center rounded-lg flex flex-col gap-5 z-20 text-black"
      onSubmit={[Function]}
    >
      <div
        className="flex flex-col md:flex-row items-center justify-center gap-5 md:gap-2 w-[90%]"
      >
        <input
          className="shadow-lg rounded-xl p-1 text-center w-full md:w-1/4"
          name="date"
          onChange={[Function]}
          required={true}
          type="date"
          value=""
        />
        <select
          className="shadow-lg rounded-xl p-1 text-center w-full md:w-1/4"
          name="bike_id"
          onChange={[Function]}
          required={true}
          value=""
        >
          <option
            value=""
          >
            Select a Car
          </option>
          <option
            value={1}
          >
            Bike1
          </option>
          <option
            value={2}
          >
            Bike2
          </option>
        </select>
        <select
          className="shadow-lg rounded-xl p-1 text-center w-full md:w-1/4"
          name="city"
          onChange={[Function]}
          required={true}
          value=""
        >
          <option
            value=""
          >
            Select your Country
          </option>
          <option>
            India
          </option>
          <option>
            America
          </option>
          <option>
            China
          </option>
        </select>
      </div>
      <button
        className="w-[30%] md:w-1/4 bg-white hover:bg-[#96bf01] text-[#96bf01] hover:text-white font-bold py-2 px-6 rounded-full shadow-xl"
        type="submit"
      >
        Book
      </button>
    </form>
    <div
      className="absolute bg-[#96bf01] w-full h-full opacity-40 op  top-0 z-0"
    />
  </div>,
]
`;
