// Jest Snapshot v1, https://goo.gl/fbAQLP

exports[`Login Component renders correctly 1`] = `
<div>
  <div
    class="flex items-center justify-center w-full px-3 h-screen"
  >
    <form
      class="flex flex-col gap-8 w-full items-center"
    >
      <input
        autocomplete="username"
        class="rounded-lg border-2 w-3/4 md:w-[50%] p-1"
        name="username"
        placeholder="Enter your username to login"
        type="text"
        value=""
      />
      <button
        class="text-xl bg-green-600 hover:bg-green-700 text-white duration-300 rounded-lg py-1 w-24"
        type="submit"
      >
        Login
      </button>
      <p>
        <span
          class="text-gray-400"
        >
          New to MotorBook? 
        </span>
        <a
          class="hover:underline"
          href="/signup"
        >
          Sign up now
        </a>
      </p>
    </form>
  </div>
</div>
`;
