// Jest Snapshot v1, https://goo.gl/fbAQLP

exports[`Signup Component renders correctly 1`] = `
<form
  className="relative flex flex-col gap-8 items-center justify-center w-full h-screen"
  onSubmit={[Function]}
>
  <input
    autoComplete="username"
    className="rounded-lg border-2 w-4/5 md:w-[50%] p-1"
    name="username"
    onChange={[Function]}
    placeholder="Enter an username to sign up"
    type="text"
    value=""
  />
  <button
    className="text-xl bg-green-600 hover:bg-green-700 duration-300 text-white rounded-lg py-1 w-24"
    type="submit"
  >
    Sign up
  </button>
  <p>
    <span
      className="text-gray-400"
    >
      Already have an account? 
    </span>
    <a
      className="hover:underline font-bold"
      href="/login"
      onClick={[Function]}
    >
      Login
    </a>
  </p>
</form>
`;
